Feture1
Create branch Feture2
